// Vitest Snapshot v1, https://vitest.dev/guide/snapshot.html

exports[`command > generate file 1`] = `
"type Route = ({
    method: "GET";
    path: "/users/{userId}";
    params: {
        userId: string;
    };
    response: {
        code: 404;
        information: "user.notfound";
        body?: undefined;
        ok: false;
    } | {
        code: 200;
        information: "user.get";
        body: {
            name: string;
            age: number;
        };
        ok: true;
    };
} | {
    method: "POST";
    path: "/users";
    body: {
        name: string;
        age: number;
    };
    response: {
        code: 201;
        information: "user.created";
        body: {
            name: string;
            age: number;
        };
        ok: true;
    };
}) | {
    method: "GET";
    path: "/users";
    response: {
        code: 200;
        information: "users.get";
        body: {
            name: string;
            age: number;
        }[];
        ok: true;
    };
};"
`;
